<html>
<body>
<pre>
<h1>µVision Build Log</h1>
<h2>Tool Versions:</h2>
IDE-Version: µVision V5.26.2.0
Copyright (C) 2018 ARM Ltd and ARM Germany GmbH. All rights reserved.
License Information: An To Tien, University of Information Technology - VNU, LIC=X96CX-HW31J-9UZ4U-S0U0N-89HMY-M3GVD
 
Tool Versions:
Toolchain:       MDK-ARM Plus  Version: 5.26.2.0
Toolchain Path:  E:\Keil_v5\ARM\ARMCC\Bin
C Compiler:      Armcc.exe V5.06 update 6 (build 750)
Assembler:       Armasm.exe V5.06 update 6 (build 750)
Linker/Locator:  ArmLink.exe V5.06 update 6 (build 750)
Library Manager: ArmAr.exe V5.06 update 6 (build 750)
Hex Converter:   FromElf.exe V5.06 update 6 (build 750)
CPU DLL:         SARMCM3.DLL V5.26.2.0
Dialog DLL:      DARMCM1.DLL V1.19.1.0
Target DLL:      NULink\Nu_Link.dll V2.05
Dialog DLL:      TARMCM1.DLL V1.14.0.0
 
<h2>Project:</h2>
E:\NUC131BSP\NUC131BSP\NUC131BSP_v3.00.003\SampleCode\StdDriver\UART_TxRx_Function\KEIL\UART_TxRx_Function.uvproj
Project File Date:  12/16/2018

<h2>Output:</h2>
*** Using Compiler 'V5.06 update 6 (build 750)', folder: 'E:\Keil_v5\ARM\ARMCC\Bin'
Build target 'UART_TxRx_Function'
creating preprocessor file for system_NUC131.c...
creating preprocessor file for main.c...
creating preprocessor file for clk.c...
creating preprocessor file for retarget.c...
creating preprocessor file for sys.c...
creating preprocessor file for uart.c...
creating preprocessor file for i2c.c...
creating preprocessor file for gpio.c...
creating preprocessor file for timer.c...
compiling main.c...
..\main.c(361): warning:  #940-D: missing return statement at end of non-void function "press" 
  	}
..\main.c(393): warning:  #223-D: function "malloc" declared implicitly
  			volatile uint32_t **output=(volatile uint32_t **) malloc(4*sizeof(uint32_t));
..\main.c(443): warning:  #1-D: last line of file ends without a newline
  	}
..\main.c: 3 warnings, 0 errors
linking...
Program Size: Code=4728 RO-data=864 RW-data=108 ZI-data=1028  
After Build - User command #1: fromelf --bin ".\obj\UART_TxRxFunction.axf" --output ".\obj\UART_TxRxFunction.bin"
After Build - User command #2: fromelf --text -c ".\obj\UART_TxRxFunction.axf" --output ".\obj\UART_TxRxFunction.txt"
".\obj\UART_TxRxFunction.axf" - 0 Error(s), 3 Warning(s).
Build Time Elapsed:  00:00:07
</pre>
</body>
</html>
